[0m19:24:52.904994 [debug] [MainThread]: Sending event: {'category': 'dbt', 'action': 'invocation', 'label': 'start', 'context': [<snowplow_tracker.self_describing_json.SelfDescribingJson object at 0x000001EE50696FF0>, <snowplow_tracker.self_describing_json.SelfDescribingJson object at 0x000001EE50696F90>, <snowplow_tracker.self_describing_json.SelfDescribingJson object at 0x000001EE50697050>]}


============================== 19:24:52.911097 | b5167e47-05b0-45b7-b3f2-75804e2018af ==============================
[0m19:24:52.911097 [info ] [MainThread]: Running with dbt=1.8.6
[0m19:24:52.912095 [debug] [MainThread]: running dbt with arguments {'printer_width': '80', 'indirect_selection': 'eager', 'log_cache_events': 'False', 'write_json': 'True', 'partial_parse': 'True', 'cache_selected_only': 'False', 'warn_error': 'None', 'debug': 'False', 'profiles_dir': 'C:\\Users\\Dyegho\\.dbt', 'log_path': 'logs', 'version_check': 'True', 'fail_fast': 'False', 'use_colors': 'True', 'use_experimental_parser': 'False', 'empty': 'None', 'quiet': 'False', 'no_print': 'None', 'log_format': 'default', 'static_parser': 'True', 'introspect': 'True', 'invocation_command': 'dbt init --skip-profile-setup airbnb', 'target_path': 'None', 'warn_error_options': 'WarnErrorOptions(include=[], exclude=[])', 'send_anonymous_usage_stats': 'True'}
[0m19:24:52.954799 [debug] [MainThread]: Starter project path: C:\Users\Dyegho\AppData\Local\Programs\Python\Python312\Lib\site-packages\dbt\include\starter_project
[0m19:24:52.997043 [info ] [MainThread]: 
Your new dbt project "airbnb" was created!

For more information on how to configure the profiles.yml file,
please consult the dbt documentation here:

  https://docs.getdbt.com/docs/configure-your-profile

One more thing:

Need help? Don't hesitate to reach out to us via GitHub issues or on Slack:

  https://community.getdbt.com/

Happy modeling!

[0m19:24:52.998044 [debug] [MainThread]: Command `dbt init` succeeded at 19:24:52.998044 after 0.32 seconds
[0m19:24:52.999042 [debug] [MainThread]: Sending event: {'category': 'dbt', 'action': 'invocation', 'label': 'end', 'context': [<snowplow_tracker.self_describing_json.SelfDescribingJson object at 0x000001EE4CC8E930>, <snowplow_tracker.self_describing_json.SelfDescribingJson object at 0x000001EE508266C0>, <snowplow_tracker.self_describing_json.SelfDescribingJson object at 0x000001EE508267B0>]}
[0m19:24:52.999042 [debug] [MainThread]: Flushing usage events
[0m19:25:58.730931 [debug] [MainThread]: Sending event: {'category': 'dbt', 'action': 'invocation', 'label': 'start', 'context': [<snowplow_tracker.self_describing_json.SelfDescribingJson object at 0x0000021F1C04ADE0>, <snowplow_tracker.self_describing_json.SelfDescribingJson object at 0x0000021F19437320>, <snowplow_tracker.self_describing_json.SelfDescribingJson object at 0x0000021F193E9EB0>]}


============================== 19:25:58.737500 | dd9ba7ec-5b1d-4bba-940f-6319efe71563 ==============================
[0m19:25:58.737500 [info ] [MainThread]: Running with dbt=1.8.6
[0m19:25:58.738475 [debug] [MainThread]: running dbt with arguments {'printer_width': '80', 'indirect_selection': 'eager', 'write_json': 'True', 'log_cache_events': 'False', 'partial_parse': 'True', 'cache_selected_only': 'False', 'profiles_dir': 'D:\\dbt\\udemy\\dbt-repo', 'debug': 'False', 'version_check': 'True', 'log_path': 'logs', 'fail_fast': 'False', 'warn_error': 'None', 'use_colors': 'True', 'use_experimental_parser': 'False', 'empty': 'None', 'quiet': 'False', 'no_print': 'None', 'warn_error_options': 'WarnErrorOptions(include=[], exclude=[])', 'invocation_command': 'dbt debug', 'introspect': 'True', 'static_parser': 'True', 'target_path': 'None', 'log_format': 'default', 'send_anonymous_usage_stats': 'True'}
[0m19:25:58.767114 [info ] [MainThread]: dbt version: 1.8.6
[0m19:25:58.768090 [info ] [MainThread]: python version: 3.12.10
[0m19:25:58.768090 [info ] [MainThread]: python path: C:\Users\Dyegho\AppData\Local\Programs\Python\Python312\python.exe
[0m19:25:58.769088 [info ] [MainThread]: os info: Windows-11-10.0.26100-SP0
[0m19:25:58.776667 [info ] [MainThread]: Error importing adapter: No module named 'dbt.adapters.snowflake'
[0m19:25:58.776667 [info ] [MainThread]: Using profiles dir at D:\dbt\udemy\dbt-repo
[0m19:25:58.777644 [info ] [MainThread]: Using profiles.yml file at D:\dbt\udemy\dbt-repo\profiles.yml
[0m19:25:58.777644 [info ] [MainThread]: Using dbt_project.yml file at D:\dbt\udemy\dbt-repo\dbt_project.yml
[0m19:25:58.779642 [info ] [MainThread]: Configuration:
[0m19:25:58.780644 [info ] [MainThread]:   profiles.yml file [[31mERROR invalid[0m]
[0m19:25:58.783150 [info ] [MainThread]:   dbt_project.yml file [[31mERROR not found[0m]
[0m19:25:58.784161 [info ] [MainThread]: Required dependencies:
[0m19:25:58.785159 [debug] [MainThread]: Executing "git --help"
[0m19:25:58.841252 [debug] [MainThread]: STDOUT: "b"usage: git [-v | --version] [-h | --help] [-C <path>] [-c <name>=<value>]\n           [--exec-path[=<path>]] [--html-path] [--man-path] [--info-path]\n           [-p | --paginate | -P | --no-pager] [--no-replace-objects] [--no-lazy-fetch]\n           [--no-optional-locks] [--no-advice] [--bare] [--git-dir=<path>]\n           [--work-tree=<path>] [--namespace=<name>] [--config-env=<name>=<envvar>]\n           <command> [<args>]\n\nThese are common Git commands used in various situations:\n\nstart a working area (see also: git help tutorial)\n   clone      Clone a repository into a new directory\n   init       Create an empty Git repository or reinitialize an existing one\n\nwork on the current change (see also: git help everyday)\n   add        Add file contents to the index\n   mv         Move or rename a file, a directory, or a symlink\n   restore    Restore working tree files\n   rm         Remove files from the working tree and from the index\n\nexamine the history and state (see also: git help revisions)\n   bisect     Use binary search to find the commit that introduced a bug\n   diff       Show changes between commits, commit and working tree, etc\n   grep       Print lines matching a pattern\n   log        Show commit logs\n   show       Show various types of objects\n   status     Show the working tree status\n\ngrow, mark and tweak your common history\n   backfill   Download missing objects in a partial clone\n   branch     List, create, or delete branches\n   commit     Record changes to the repository\n   merge      Join two or more development histories together\n   rebase     Reapply commits on top of another base tip\n   reset      Reset current HEAD to the specified state\n   switch     Switch branches\n   tag        Create, list, delete or verify a tag object signed with GPG\n\ncollaborate (see also: git help workflows)\n   fetch      Download objects and refs from another repository\n   pull       Fetch from and integrate with another repository or a local branch\n   push       Update remote refs along with associated objects\n\n'git help -a' and 'git help -g' list available subcommands and some\nconcept guides. See 'git help <command>' or 'git help <concept>'\nto read about a specific subcommand or concept.\nSee 'git help git' for an overview of the system.\n""
[0m19:25:58.841252 [debug] [MainThread]: STDERR: "b''"
[0m19:25:58.841252 [info ] [MainThread]:  - git [[32mOK found[0m]

[0m19:25:58.842786 [info ] [MainThread]: Connection test skipped since no profile was found
[0m19:25:58.843559 [info ] [MainThread]: [31m2 checks failed:[0m
[0m19:25:58.844217 [info ] [MainThread]: Could not load dbt_project.yml
Profile loading failed for the following reason:
Runtime Error
  Credentials in profile "airbnb", target "dev" invalid: Runtime Error
    Could not find adapter type snowflake!


[0m19:25:58.844794 [info ] [MainThread]: Project loading failed for the following reason:
 project path <D:\dbt\udemy\dbt-repo\dbt_project.yml> not found

[0m19:25:58.845976 [debug] [MainThread]: Command `dbt debug` failed at 19:25:58.845976 after 0.33 seconds
[0m19:25:58.846987 [debug] [MainThread]: Sending event: {'category': 'dbt', 'action': 'invocation', 'label': 'end', 'context': [<snowplow_tracker.self_describing_json.SelfDescribingJson object at 0x0000021F1CBECD40>, <snowplow_tracker.self_describing_json.SelfDescribingJson object at 0x0000021F1CBEC3E0>, <snowplow_tracker.self_describing_json.SelfDescribingJson object at 0x0000021F1CBECD70>]}
[0m19:25:58.846987 [debug] [MainThread]: Flushing usage events
[0m19:31:15.423524 [debug] [MainThread]: Sending event: {'category': 'dbt', 'action': 'invocation', 'label': 'start', 'context': [<snowplow_tracker.self_describing_json.SelfDescribingJson object at 0x000001FA697E78F0>, <snowplow_tracker.self_describing_json.SelfDescribingJson object at 0x000001FA66EEFA70>, <snowplow_tracker.self_describing_json.SelfDescribingJson object at 0x000001FA698ADA30>]}


============================== 19:31:15.430086 | 9aab5177-6ff0-46f7-90f9-82b6cc221c1a ==============================
[0m19:31:15.430086 [info ] [MainThread]: Running with dbt=1.8.6
[0m19:31:15.431085 [debug] [MainThread]: running dbt with arguments {'printer_width': '80', 'indirect_selection': 'eager', 'write_json': 'True', 'log_cache_events': 'False', 'partial_parse': 'True', 'cache_selected_only': 'False', 'profiles_dir': 'D:\\dbt\\udemy\\dbt-repo', 'fail_fast': 'False', 'version_check': 'True', 'log_path': 'logs', 'debug': 'False', 'warn_error': 'None', 'use_colors': 'True', 'use_experimental_parser': 'False', 'empty': 'None', 'quiet': 'False', 'no_print': 'None', 'log_format': 'default', 'introspect': 'True', 'invocation_command': 'dbt debug', 'static_parser': 'True', 'target_path': 'None', 'warn_error_options': 'WarnErrorOptions(include=[], exclude=[])', 'send_anonymous_usage_stats': 'True'}
[0m19:31:15.459388 [info ] [MainThread]: dbt version: 1.8.6
[0m19:31:15.460391 [info ] [MainThread]: python version: 3.12.10
[0m19:31:15.460391 [info ] [MainThread]: python path: C:\Users\Dyegho\AppData\Local\Programs\Python\Python312\python.exe
[0m19:31:15.461392 [info ] [MainThread]: os info: Windows-11-10.0.26100-SP0
[0m19:31:15.468392 [info ] [MainThread]: Error importing adapter: No module named 'dbt.adapters.snowflake'
[0m19:31:15.468392 [info ] [MainThread]: Using profiles dir at D:\dbt\udemy\dbt-repo
[0m19:31:15.469390 [info ] [MainThread]: Using profiles.yml file at D:\dbt\udemy\dbt-repo\profiles.yml
[0m19:31:15.470393 [info ] [MainThread]: Using dbt_project.yml file at D:\dbt\udemy\dbt-repo\dbt_project.yml
[0m19:31:15.470393 [info ] [MainThread]: Configuration:
[0m19:31:15.471426 [info ] [MainThread]:   profiles.yml file [[31mERROR invalid[0m]
[0m19:31:15.472396 [info ] [MainThread]:   dbt_project.yml file [[31mERROR not found[0m]
[0m19:31:15.472396 [info ] [MainThread]: Required dependencies:
[0m19:31:15.473418 [debug] [MainThread]: Executing "git --help"
[0m19:31:15.510951 [debug] [MainThread]: STDOUT: "b"usage: git [-v | --version] [-h | --help] [-C <path>] [-c <name>=<value>]\n           [--exec-path[=<path>]] [--html-path] [--man-path] [--info-path]\n           [-p | --paginate | -P | --no-pager] [--no-replace-objects] [--no-lazy-fetch]\n           [--no-optional-locks] [--no-advice] [--bare] [--git-dir=<path>]\n           [--work-tree=<path>] [--namespace=<name>] [--config-env=<name>=<envvar>]\n           <command> [<args>]\n\nThese are common Git commands used in various situations:\n\nstart a working area (see also: git help tutorial)\n   clone      Clone a repository into a new directory\n   init       Create an empty Git repository or reinitialize an existing one\n\nwork on the current change (see also: git help everyday)\n   add        Add file contents to the index\n   mv         Move or rename a file, a directory, or a symlink\n   restore    Restore working tree files\n   rm         Remove files from the working tree and from the index\n\nexamine the history and state (see also: git help revisions)\n   bisect     Use binary search to find the commit that introduced a bug\n   diff       Show changes between commits, commit and working tree, etc\n   grep       Print lines matching a pattern\n   log        Show commit logs\n   show       Show various types of objects\n   status     Show the working tree status\n\ngrow, mark and tweak your common history\n   backfill   Download missing objects in a partial clone\n   branch     List, create, or delete branches\n   commit     Record changes to the repository\n   merge      Join two or more development histories together\n   rebase     Reapply commits on top of another base tip\n   reset      Reset current HEAD to the specified state\n   switch     Switch branches\n   tag        Create, list, delete or verify a tag object signed with GPG\n\ncollaborate (see also: git help workflows)\n   fetch      Download objects and refs from another repository\n   pull       Fetch from and integrate with another repository or a local branch\n   push       Update remote refs along with associated objects\n\n'git help -a' and 'git help -g' list available subcommands and some\nconcept guides. See 'git help <command>' or 'git help <concept>'\nto read about a specific subcommand or concept.\nSee 'git help git' for an overview of the system.\n""
[0m19:31:15.511948 [debug] [MainThread]: STDERR: "b''"
[0m19:31:15.512951 [info ] [MainThread]:  - git [[32mOK found[0m]

[0m19:31:15.512951 [info ] [MainThread]: Connection test skipped since no profile was found
[0m19:31:15.513951 [info ] [MainThread]: [31m2 checks failed:[0m
[0m19:31:15.514948 [info ] [MainThread]: Could not load dbt_project.yml
Profile loading failed for the following reason:
Runtime Error
  Credentials in profile "airbnb", target "dev" invalid: Runtime Error
    Could not find adapter type snowflake!


[0m19:31:15.514948 [info ] [MainThread]: Project loading failed for the following reason:
 project path <D:\dbt\udemy\dbt-repo\dbt_project.yml> not found

[0m19:31:15.515947 [debug] [MainThread]: Command `dbt debug` failed at 19:31:15.515947 after 0.29 seconds
[0m19:31:15.516948 [debug] [MainThread]: Sending event: {'category': 'dbt', 'action': 'invocation', 'label': 'end', 'context': [<snowplow_tracker.self_describing_json.SelfDescribingJson object at 0x000001FA66EEFA70>, <snowplow_tracker.self_describing_json.SelfDescribingJson object at 0x000001FA692CE510>, <snowplow_tracker.self_describing_json.SelfDescribingJson object at 0x000001FA690CD280>]}
[0m19:31:15.516948 [debug] [MainThread]: Flushing usage events
[0m17:47:03.568895 [debug] [MainThread]: Sending event: {'category': 'dbt', 'action': 'invocation', 'label': 'start', 'context': [<snowplow_tracker.self_describing_json.SelfDescribingJson object at 0x00000236DF687B60>, <snowplow_tracker.self_describing_json.SelfDescribingJson object at 0x00000236DF208CB0>, <snowplow_tracker.self_describing_json.SelfDescribingJson object at 0x00000236DF2094C0>]}


============================== 17:47:03.573892 | 5bad8bdb-7b1f-4d6b-8b54-390c65278c88 ==============================
[0m17:47:03.573892 [info ] [MainThread]: Running with dbt=1.11.2
[0m17:47:03.574897 [debug] [MainThread]: running dbt with arguments {'static_parser': 'True', 'no_print': 'None', 'version_check': 'True', 'warn_error_options': 'WarnErrorOptionsV2(error=[], warn=[], silence=[])', 'target_path': 'None', 'printer_width': '80', 'write_json': 'True', 'empty': 'False', 'log_cache_events': 'False', 'introspect': 'True', 'cache_selected_only': 'False', 'fail_fast': 'False', 'debug': 'False', 'log_format': 'default', 'profiles_dir': 'D:\\dbt\\udemy\\dbt-repo', 'send_anonymous_usage_stats': 'True', 'quiet': 'False', 'warn_error': 'None', 'partial_parse': 'True', 'invocation_command': 'dbt run', 'use_colors': 'True', 'indirect_selection': 'eager', 'use_experimental_parser': 'False', 'log_path': 'logs'}
[0m17:47:03.574897 [error] [MainThread]: Encountered an error:
Runtime Error
  No dbt_project.yml found at expected path D:\dbt\udemy\dbt-repo\dbt_project.yml
  Verify that each entry within packages.yml (and their transitive dependencies) contains a file named dbt_project.yml
  
[0m17:47:03.576408 [debug] [MainThread]: Command `dbt run` failed at 17:47:03.576408 after 0.29 seconds
[0m17:47:03.577419 [debug] [MainThread]: Sending event: {'category': 'dbt', 'action': 'invocation', 'label': 'end', 'context': [<snowplow_tracker.self_describing_json.SelfDescribingJson object at 0x00000236DF6E8410>, <snowplow_tracker.self_describing_json.SelfDescribingJson object at 0x00000236DF4C26C0>, <snowplow_tracker.self_describing_json.SelfDescribingJson object at 0x00000236DF73DD00>]}
[0m17:47:03.577419 [debug] [MainThread]: Flushing usage events
[0m17:47:04.384425 [debug] [MainThread]: An error was encountered while trying to flush usage events
[0m15:00:11.506047 [debug] [MainThread]: Sending event: {'category': 'dbt', 'action': 'invocation', 'label': 'start', 'context': [<snowplow_tracker.self_describing_json.SelfDescribingJson object at 0x000002451F63D250>, <snowplow_tracker.self_describing_json.SelfDescribingJson object at 0x000002451ECD7620>, <snowplow_tracker.self_describing_json.SelfDescribingJson object at 0x00000245228FF650>]}


============================== 15:00:11.512012 | 33a9ca04-c226-45a3-aaf0-f73413dacff9 ==============================
[0m15:00:11.512012 [info ] [MainThread]: Running with dbt=1.11.2
[0m15:00:11.514014 [debug] [MainThread]: running dbt with arguments {'static_parser': 'True', 'no_print': 'None', 'version_check': 'True', 'warn_error_options': 'WarnErrorOptionsV2(error=[], warn=[], silence=[])', 'target_path': 'None', 'printer_width': '80', 'write_json': 'True', 'introspect': 'True', 'log_cache_events': 'False', 'empty': 'False', 'cache_selected_only': 'False', 'log_format': 'default', 'debug': 'False', 'fail_fast': 'False', 'partial_parse': 'True', 'send_anonymous_usage_stats': 'True', 'quiet': 'False', 'warn_error': 'None', 'profiles_dir': 'D:\\dbt\\udemy\\dbt-repo', 'use_colors': 'True', 'invocation_command': 'dbt run --select dim_listings_cleansed', 'indirect_selection': 'eager', 'use_experimental_parser': 'False', 'log_path': 'logs'}
[0m15:00:11.514014 [error] [MainThread]: Encountered an error:
Runtime Error
  No dbt_project.yml found at expected path D:\dbt\udemy\dbt-repo\dbt_project.yml
  Verify that each entry within packages.yml (and their transitive dependencies) contains a file named dbt_project.yml
  
[0m15:00:11.516013 [debug] [MainThread]: Command `dbt run` failed at 15:00:11.516013 after 0.39 seconds
[0m15:00:11.517018 [debug] [MainThread]: Sending event: {'category': 'dbt', 'action': 'invocation', 'label': 'end', 'context': [<snowplow_tracker.self_describing_json.SelfDescribingJson object at 0x00000245223CB2F0>, <snowplow_tracker.self_describing_json.SelfDescribingJson object at 0x000002451ECD7620>, <snowplow_tracker.self_describing_json.SelfDescribingJson object at 0x000002451F63D250>]}
[0m15:00:11.517018 [debug] [MainThread]: Flushing usage events
[0m15:00:12.324684 [debug] [MainThread]: An error was encountered while trying to flush usage events
[0m16:54:49.146569 [debug] [MainThread]: Sending event: {'category': 'dbt', 'action': 'invocation', 'label': 'start', 'context': [<snowplow_tracker.self_describing_json.SelfDescribingJson object at 0x000001BB226085F0>, <snowplow_tracker.self_describing_json.SelfDescribingJson object at 0x000001BB1EF178C0>, <snowplow_tracker.self_describing_json.SelfDescribingJson object at 0x000001BB2260AF60>]}


============================== 16:54:49.152568 | 386f9560-b183-4ea6-ab6a-c527d1d53781 ==============================
[0m16:54:49.152568 [info ] [MainThread]: Running with dbt=1.11.2
[0m16:54:49.153555 [debug] [MainThread]: running dbt with arguments {'static_parser': 'True', 'no_print': 'None', 'version_check': 'True', 'warn_error_options': 'WarnErrorOptionsV2(error=[], warn=[], silence=[])', 'target_path': 'None', 'printer_width': '80', 'write_json': 'True', 'empty': 'None', 'log_cache_events': 'False', 'introspect': 'True', 'cache_selected_only': 'False', 'fail_fast': 'False', 'debug': 'False', 'log_format': 'default', 'partial_parse': 'True', 'send_anonymous_usage_stats': 'True', 'quiet': 'False', 'warn_error': 'None', 'profiles_dir': 'D:\\dbt\\udemy\\dbt-repo', 'invocation_command': 'dbt test', 'indirect_selection': 'eager', 'use_colors': 'True', 'use_experimental_parser': 'False', 'log_path': 'logs'}
[0m16:54:49.154559 [error] [MainThread]: Encountered an error:
Runtime Error
  No dbt_project.yml found at expected path D:\dbt\udemy\dbt-repo\dbt_project.yml
  Verify that each entry within packages.yml (and their transitive dependencies) contains a file named dbt_project.yml
  
[0m16:54:49.155561 [debug] [MainThread]: Command `dbt test` failed at 16:54:49.155561 after 0.27 seconds
[0m16:54:49.156570 [debug] [MainThread]: Sending event: {'category': 'dbt', 'action': 'invocation', 'label': 'end', 'context': [<snowplow_tracker.self_describing_json.SelfDescribingJson object at 0x000001BB1EF178C0>, <snowplow_tracker.self_describing_json.SelfDescribingJson object at 0x000001BB22786150>, <snowplow_tracker.self_describing_json.SelfDescribingJson object at 0x000001BB2260AF60>]}
[0m16:54:49.156570 [debug] [MainThread]: Flushing usage events
[0m16:54:49.967830 [debug] [MainThread]: An error was encountered while trying to flush usage events
[0m16:39:42.887479 [debug] [MainThread]: Sending event: {'category': 'dbt', 'action': 'invocation', 'label': 'start', 'context': [<snowplow_tracker.self_describing_json.SelfDescribingJson object at 0x000001A7BB045370>, <snowplow_tracker.self_describing_json.SelfDescribingJson object at 0x000001A7BB046F90>, <snowplow_tracker.self_describing_json.SelfDescribingJson object at 0x000001A7BB046BD0>]}


============================== 16:39:42.893491 | 4ad1f612-975d-482a-a98e-fbaa71d052bc ==============================
[0m16:39:42.893491 [info ] [MainThread]: Running with dbt=1.11.2
[0m16:39:42.894489 [debug] [MainThread]: running dbt with arguments {'static_parser': 'True', 'no_print': 'None', 'version_check': 'True', 'target_path': 'None', 'warn_error_options': 'WarnErrorOptionsV2(error=[], warn=[], silence=[])', 'printer_width': '80', 'write_json': 'True', 'introspect': 'True', 'log_cache_events': 'False', 'empty': 'False', 'cache_selected_only': 'False', 'log_format': 'default', 'debug': 'False', 'fail_fast': 'False', 'partial_parse': 'True', 'send_anonymous_usage_stats': 'True', 'quiet': 'False', 'warn_error': 'None', 'profiles_dir': 'D:\\dbt\\udemy\\dbt-repo', 'indirect_selection': 'eager', 'use_colors': 'True', 'invocation_command': 'dbt compile --inline select_positive_values("dim_listings_cleansed","minimum_nights")', 'use_experimental_parser': 'False', 'log_path': 'logs'}
[0m16:39:42.894489 [error] [MainThread]: Encountered an error:
Runtime Error
  No dbt_project.yml found at expected path D:\dbt\udemy\dbt-repo\dbt_project.yml
  Verify that each entry within packages.yml (and their transitive dependencies) contains a file named dbt_project.yml
  
[0m16:39:42.895505 [debug] [MainThread]: Command `dbt compile` failed at 16:39:42.895505 after 0.20 seconds
[0m16:39:42.896502 [debug] [MainThread]: Sending event: {'category': 'dbt', 'action': 'invocation', 'label': 'end', 'context': [<snowplow_tracker.self_describing_json.SelfDescribingJson object at 0x000001A7BBB98B00>, <snowplow_tracker.self_describing_json.SelfDescribingJson object at 0x000001A7BBB31850>, <snowplow_tracker.self_describing_json.SelfDescribingJson object at 0x000001A7BB9DB4D0>]}
[0m16:39:42.897488 [debug] [MainThread]: Flushing usage events
[0m16:39:43.693048 [debug] [MainThread]: An error was encountered while trying to flush usage events
[0m14:22:03.124813 [debug] [MainThread]: Sending event: {'category': 'dbt', 'action': 'invocation', 'label': 'start', 'context': [<snowplow_tracker.self_describing_json.SelfDescribingJson object at 0x000001759E7E5A00>, <snowplow_tracker.self_describing_json.SelfDescribingJson object at 0x00000175A157AC60>, <snowplow_tracker.self_describing_json.SelfDescribingJson object at 0x00000175A15799A0>]}


============================== 14:22:03.128816 | fd49bfd3-25e7-43c8-b9e6-29393b6848e4 ==============================
[0m14:22:03.128816 [info ] [MainThread]: Running with dbt=1.11.2
[0m14:22:03.129814 [debug] [MainThread]: running dbt with arguments {'version_check': 'True', 'no_print': 'None', 'static_parser': 'True', 'target_path': 'None', 'warn_error_options': 'WarnErrorOptionsV2(error=[], warn=[], silence=[])', 'printer_width': '80', 'write_json': 'True', 'introspect': 'True', 'log_cache_events': 'False', 'empty': 'False', 'cache_selected_only': 'False', 'fail_fast': 'False', 'debug': 'False', 'log_format': 'default', 'profiles_dir': 'D:\\dbt\\udemy\\dbt-repo', 'send_anonymous_usage_stats': 'True', 'quiet': 'False', 'warn_error': 'None', 'partial_parse': 'True', 'invocation_command': 'dbt run -s fct_reviews', 'use_colors': 'True', 'indirect_selection': 'eager', 'use_experimental_parser': 'False', 'log_path': 'logs'}
[0m14:22:03.130813 [error] [MainThread]: Encountered an error:
Runtime Error
  No dbt_project.yml found at expected path D:\dbt\udemy\dbt-repo\dbt_project.yml
  Verify that each entry within packages.yml (and their transitive dependencies) contains a file named dbt_project.yml
  
[0m14:22:03.131812 [debug] [MainThread]: Command `dbt run` failed at 14:22:03.131812 after 0.24 seconds
[0m14:22:03.131812 [debug] [MainThread]: Sending event: {'category': 'dbt', 'action': 'invocation', 'label': 'end', 'context': [<snowplow_tracker.self_describing_json.SelfDescribingJson object at 0x00000175A16F25A0>, <snowplow_tracker.self_describing_json.SelfDescribingJson object at 0x00000175A1987F20>, <snowplow_tracker.self_describing_json.SelfDescribingJson object at 0x00000175A152F890>]}
[0m14:22:03.132812 [debug] [MainThread]: Flushing usage events
[0m14:22:03.911518 [debug] [MainThread]: An error was encountered while trying to flush usage events
[0m15:19:49.634464 [debug] [MainThread]: Sending event: {'category': 'dbt', 'action': 'invocation', 'label': 'start', 'context': [<snowplow_tracker.self_describing_json.SelfDescribingJson object at 0x0000025AA66EA5A0>, <snowplow_tracker.self_describing_json.SelfDescribingJson object at 0x0000025AA6C1F5C0>, <snowplow_tracker.self_describing_json.SelfDescribingJson object at 0x0000025AA6A421E0>]}


============================== 15:19:49.641972 | ee34b5a4-1d05-4d6d-abda-71bb0a415a36 ==============================
[0m15:19:49.641972 [info ] [MainThread]: Running with dbt=1.11.2
[0m15:19:49.642981 [debug] [MainThread]: running dbt with arguments {'version_check': 'True', 'no_print': 'None', 'static_parser': 'True', 'target_path': 'None', 'warn_error_options': 'WarnErrorOptionsV2(error=[], warn=[], silence=[])', 'printer_width': '80', 'write_json': 'True', 'empty': 'None', 'log_cache_events': 'False', 'introspect': 'True', 'cache_selected_only': 'False', 'fail_fast': 'False', 'debug': 'False', 'log_format': 'default', 'partial_parse': 'True', 'send_anonymous_usage_stats': 'True', 'quiet': 'False', 'warn_error': 'None', 'profiles_dir': 'D:\\dbt\\udemy\\dbt-repo', 'indirect_selection': 'eager', 'invocation_command': 'dbt docs generate', 'use_colors': 'True', 'use_experimental_parser': 'False', 'log_path': 'logs'}
[0m15:19:49.642981 [error] [MainThread]: Encountered an error:
Runtime Error
  No dbt_project.yml found at expected path D:\dbt\udemy\dbt-repo\dbt_project.yml
  Verify that each entry within packages.yml (and their transitive dependencies) contains a file named dbt_project.yml
  
[0m15:19:49.644983 [debug] [MainThread]: Command `dbt docs generate` failed at 15:19:49.643994 after 0.18 seconds
[0m15:19:49.644983 [debug] [MainThread]: Sending event: {'category': 'dbt', 'action': 'invocation', 'label': 'end', 'context': [<snowplow_tracker.self_describing_json.SelfDescribingJson object at 0x0000025AA677FAA0>, <snowplow_tracker.self_describing_json.SelfDescribingJson object at 0x0000025AA6EEBD10>, <snowplow_tracker.self_describing_json.SelfDescribingJson object at 0x0000025AA6EEBB90>]}
[0m15:19:49.645983 [debug] [MainThread]: Flushing usage events
[0m15:19:50.469138 [debug] [MainThread]: An error was encountered while trying to flush usage events
